<html>
<body>
<pre>
<h1>µVision Build Log</h1>
<h2>Tool Versions:</h2>
IDE-Version: µVision V5.26.2.0
Copyright (C) 2018 ARM Ltd and ARM Germany GmbH. All rights reserved.
License Information: Álvaro López, UNIZAR, LIC=----
 
Tool Versions:
Toolchain:       MDK-Lite  Version: 5.26.2.0
Toolchain Path:  C:\Keil_v5\ARM\ARMCC\Bin
C Compiler:      Armcc.exe V5.06 update 6 (build 750)
Assembler:       Armasm.exe V5.06 update 6 (build 750)
Linker/Locator:  ArmLink.exe V5.06 update 6 (build 750)
Library Manager: ArmAr.exe V5.06 update 6 (build 750)
Hex Converter:   FromElf.exe V5.06 update 6 (build 750)
CPU DLL:         SARM.DLL V5.26.2.0
Dialog DLL:      DARMP.DLL V1.53.0.0
Target DLL:      UL2ARM.DLL V1.74.10.0
Dialog DLL:      TARMP.DLL V1.53.0.0
 
<h2>Project:</h2>
C:\Users\Alvaro\Documents\Proyecto Hardware\practica2\ProyectoHardware\keil_reversi.uvproj
Project File Date:  11/07/2023

<h2>Output:</h2>
*** Using Compiler 'V5.06 update 6 (build 750)', folder: 'C:\Keil_v5\ARM\ARMCC\Bin'
Rebuild target 'Simulator'
assembling Startup.s...
compiling Retarget.c...
compiling fifo.c...
compiling gpio_hal.c...
compiling timer_drv.c...
compiling timer_hal.c...
compiling main.c...
compiling planificador.c...
compiling hello_world.c...
compiling power_hal.c...
compiling alarma.c...
compiling int_externas_hal.c...
int_externas_hal.c(44): warning:  #61-D: integer operation result is out of range
  	PINSEL0 |= (1 << 31); // Set the bit 31 to 1
int_externas_hal.c(44): warning:  #68-D: integer conversion resulted in a change of sign
  	PINSEL0 |= (1 << 31); // Set the bit 31 to 1
int_externas_hal.c: 2 warnings, 0 errors
compiling botones.c...
botones.c(3): warning:  #550-D: variable "estado_boton1"  was set but never used
  static int estado_boton1;
botones.c(4): warning:  #550-D: variable "estado_boton2"  was set but never used
  static int estado_boton2;
botones.c: 2 warnings, 0 errors
compiling juego.c...
compiling visualizar.c...
linking...
Program Size: Code=5796 RO-data=32 RW-data=112 ZI-data=2640  
".\keil_reversi.axf" - 0 Error(s), 4 Warning(s).
Build Time Elapsed:  00:00:01
</pre>
</body>
</html>
